<!DOCTYPE html>
<html lang="en">
<head>
    <meta charset="UTF-8">
    <meta name="viewport" content="width=device-width, initial-scale=1.0">
    <title>GVN AI | Zero-To-Hero Cloud Engine</title>
    <link href="https://fonts.googleapis.com/css2?family=Outfit:wght@300;400;600;800&display=swap" rel="stylesheet">
    <script src="https://cdn.tailwindcss.com"></script>
    <style>
        body { font-family: 'Outfit', sans-serif; background: #0f172a; color: #fff; }
        .glass-panel { background: rgba(255, 255, 255, 0.05); backdrop-filter: blur(10px); border: 1px solid rgba(255, 255, 255, 0.1); border-radius: 12px; }
        .glow-text { text-shadow: 0 0 10px rgba(56, 189, 248, 0.5); }
    </style>
</head>
<body class="min-h-screen p-4 md:p-8">

<!-- Navbar -->
<div class="max-w-6xl mx-auto flex justify-between items-center mb-10 pb-4 border-b border-gray-700">
    <div class="flex items-center gap-3">
        <div class="w-10 h-10 rounded-full bg-gradient-to-tr from-cyan-400 to-blue-600 flex items-center justify-center font-bold text-lg shadow-lg shadow-cyan-500/50">GVN</div>
        <h1 class="text-2xl font-bold tracking-tight glow-text">AI Strategy Dashboard</h1>
    </div>
    <div class="flex gap-4">
        <a href="/admin-control" class="text-sm text-gray-400 hover:text-white transition">← Admin Panel</a>
        <a href="/cleanup-ai-data" class="px-4 py-2 bg-red-500/20 text-red-400 rounded-lg text-sm font-semibold hover:bg-red-500/40 border border-red-500/20 transition-all" onclick="return confirm('Clear Paper Trades older than 3 days?')">
            🧹 Auto Cleanup (Save DB)
        </a>
    </div>
</div>

<!-- Main Grid -->
<div class="max-w-6xl mx-auto grid grid-cols-1 lg:grid-cols-4 gap-6">

    <!-- Stats Panel -->
    <div class="lg:col-span-1 flex flex-col gap-6">
        <div class="glass-panel p-6 shadow-xl relative overflow-hidden">
            <div class="absolute -right-10 -top-10 w-32 h-32 bg-blue-500 rounded-full opacity-10 blur-2xl"></div>
            <p class="text-sm text-gray-400 font-semibold uppercase tracking-wider">Demo Capital Allocated</p>
            <h2 class="text-4xl font-bold mt-2 glow-text">₹ 1,00,000</h2>
            <div class="mt-4 flex items-center justify-between text-xs text-gray-500">
                <span>Rule: Max 1 Lakh active</span>
                <span class="text-green-400">● Live Monitoring</span>
            </div>
        </div>

        <div class="glass-panel p-6 shadow-xl relative overflow-hidden">
            <div class="absolute -right-10 -top-10 w-32 h-32 bg-green-500 rounded-full opacity-10 blur-2xl"></div>
            <p class="text-sm text-gray-400 font-semibold uppercase tracking-wider">Paper Trading P&L</p>
            <h2 class="text-4xl font-bold mt-2 text-emerald-400">+ ₹ 100.00</h2>
            <div class="mt-4 w-full h-1.5 bg-gray-800 rounded-full overflow-hidden">
                <div class="h-full bg-emerald-500 w-3/4"></div>
            </div>
        </div>

        <div class="glass-panel p-6">
            <h3 class="text-sm text-gray-400 uppercase tracking-wider mb-4">Live API Connectors</h3>
            <div class="space-y-4">
                <div class="flex justify-between items-center bg-gray-900/50 p-3 rounded-lg border border-gray-700/50">
                    <span class="text-sm font-semibold">Dhan Option Chain</span>
                    <span class="px-2 py-0.5 rounded text-[10px] uppercase font-bold bg-green-500/20 text-green-400 border border-green-500/20">Online</span>
                </div>
                <div class="flex justify-between items-center bg-gray-900/50 p-3 rounded-lg border border-gray-700/50">
                    <span class="text-sm font-semibold">Sensibull FII/DII</span>
                    <span class="px-2 py-0.5 rounded text-[10px] uppercase font-bold bg-green-500/20 text-green-400 border border-green-500/20">Simulated</span>
                </div>
            </div>
        </div>
    </div>

    <!-- Trades Table -->
    <div class="lg:col-span-3 glass-panel flex flex-col h-full">
        <!-- Flash Messages -->
        
          
        

        <div class="p-6 border-b border-gray-700/50 flex justify-between items-center">
            <h2 class="text-xl font-bold text-gray-100 flex items-center gap-2">
                <span class="relative flex h-3 w-3">
                  <span class="animate-ping absolute inline-flex h-full w-full rounded-full bg-blue-400 opacity-75"></span>
                  <span class="relative inline-flex rounded-full h-3 w-3 bg-blue-500"></span>
                </span>
                Active Paper Trades & AI Actions
            </h2>
            <div class="px-3 py-1 rounded bg-blue-500/10 text-blue-400 text-xs font-bold border border-blue-500/20">Filter: Demo Only</div>
        </div>
        
        <div class="p-6 flex-1 overflow-x-auto">
            
                <table class="w-full text-left border-collapse whitespace-nowrap">
                    <thead>
                        <tr class="text-xs uppercase tracking-wider text-gray-500 border-b border-gray-700/50">
                            <th class="pb-3 px-4 font-semibold">Time / Symbol</th>
                            <th class="pb-3 px-4 font-semibold text-center">Auto-Selected Delta</th>
                            <th class="pb-3 px-4 font-semibold">AI Logic / Reason</th>
                            <th class="pb-3 px-4 font-semibold text-right">Entry / PnL</th>
                            <th class="pb-3 px-4 font-semibold text-center">Status</th>
                        </tr>
                    </thead>
                    <tbody class="divide-y divide-gray-800">
                        
                        <tr class="hover:bg-white/5 transition-colors">
                            <td class="py-4 px-4">
                                <div class="font-bold text-gray-200">SENSEX</div>
                                <div class="text-xs text-gray-500 mt-1">2026-04-16 19:03:48</div>
                            </td>
                            <td class="py-4 px-4 text-center">
                                <span class="px-2 py-1 rounded-md text-xs font-bold bg-indigo-500/20 text-indigo-400 border border-indigo-500/20">
                                    &Delta; 0.6
                                </span>
                            </td>
                            <td class="py-4 px-4">
                                <div class="text-sm text-gray-300 max-w-[200px] truncate" title="test">
                                    test
                                </div>
                            </td>
                            <td class="py-4 px-4 text-right">
                                <div class="text-sm font-mono text-gray-300">₹100</div>
                                
                                    <div class="text-xs font-bold text-red-500 mt-1">- ₹50</div>
                                
                            </td>
                            <td class="py-4 px-4 text-center">
                                
                                    <span class="inline-flex items-center px-2.5 py-0.5 rounded-full text-xs font-medium bg-yellow-400/10 text-yellow-400 border border-yellow-400/20">
                                        <svg class="-ml-0.5 mr-1.5 h-2 w-2 text-yellow-400 animate-pulse" fill="currentColor" viewBox="0 0 8 8"><circle cx="4" cy="4" r="3" /></svg>
                                        Running
                                    </span>
                                
                            </td>
                        </tr>
                        
                    </tbody>
                </table>
            
        </div>
    </div>
</div>

</body>
</html>